Testing purpose Added more logs``
